


n = 15,
x = 0,
list = (\(n,x) . if (==0) n then p1(p1([],n),x) else (id(x):list (((-1) n,(+1) x)))),
ins = (\(x,xs) . (case su xs of ((x:[]),(z:zs)->if (x<=z) then (x:(z:zs)) else (z:ins ((x,zs))))))
------------------------------------
ins ((15,list ((n,x))))
------------------------------------
==0 : hi int-> su bool,
p1  : (su [su int],su int)-> su [su int],
p1  : (su [su int],su int)-> su [su int],
[]  : su [su int],
id  : hi int-> su int,
:   : (su int,su [su int])-> su [su int],
-1  : su int-> su int,
+1  : su int-> su int,
:   : (su int,su [su int])-> su [su int],
[]  : su [su int],
<=  : (hi int,hi int)-> su bool,
:   : (su int,su [su int])-> su [su int],
:   : (su int,su [su int])-> su [su int],
:   : (su int,su [su int])-> su [su int],
15  : su int
------------------------------------
n : su int,
x : su int,
list : (su int,su int)-> su [su int],
ins : (su int,su [su int])-> su [su int]
------------------------------------
su [su int]
------------------------------------



n = 15,
x = 0,
list = (\(n,x) . if (==0) n then p1(p1([],n),x) else (id(x):list (((-1) n,(+1) x)))),
ins = (\(x,xs) . (case su xs of ((x:[]),(z:zs)->if (x<=z) then (x:(z:zs)) else (z:ins ((x,zs))))))
------------------------------------
ins ((15,list ((n,x))))
------------------------------------
==0 : hi int-> su bool,
p1  : (su [su int],su int)-> su [su int],
p1  : (su [su int],su int)-> su [su int],
[]  : su [su int],
id  : hi int-> un int,
:   : (un int,su [su int])-> su [su int],
-1  : su int-> su int,
+1  : su int-> su int,
:   : (su int,su [su int])-> su [su int],
[]  : su [su int],
<=  : (hi int,hi int)-> su bool,
:   : (su int,su [su int])-> su [su int],
:   : (su int,su [su int])-> su [su int],
:   : (su int,su [su int])-> su [su int],
15  : su int
------------------------------------
n : su int,
x : su int,
list : (su int,su int)-> su [su int],
ins : (su int,su [su int])-> su [su int]
------------------------------------
su [su int]
------------------------------------

